// Jest Snapshot v1, https://goo.gl/fbAQLP

exports[`Render OfferItem Render OfferItem 1`] = `
<article
  className="near-places__card place-card"
  onMouseEnter={[Function]}
  onMouseLeave={[Function]}
>
  
  <div
    className="near-places__image-wrapper place-card__image-wrapper"
  >
    <a
      href="/offer/11"
    >
      <img
        alt="Place image"
        className="place-card__image"
        height="200"
        src="https://assets.htmlacademy.ru/intensives/javascript-3/hotel/10.jpg"
        width="260"
      />
    </a>
  </div>
  <div
    className="place-card__info"
  >
    <div
      className="place-card__price-wrapper"
    >
      <div
        className="place-card__price"
      >
        <b
          className="place-card__price-value"
        >
          €
          190
        </b>
        <span
          className="place-card__price-text"
        >
          / night
        </span>
      </div>
      <button
        className="place-card__bookmark-button place-card__bookmark-button--active button"
        type="button"
      >
        <svg
          className="place-card__bookmark-icon"
          height="19"
          width="18"
        >
          <use
            xlinkHref="#icon-bookmark"
          />
        </svg>
        <span
          className="visually-hidden"
        >
          In bookmarks
        </span>
      </button>
    </div>
    <div
      className="place-card__rating rating"
    >
      <div
        className="place-card__stars rating__stars"
      >
        <span
          className="rating__stars__value"
          style={
            Object {
              "width": "86%",
            }
          }
        />
        <span
          className="visually-hidden"
        >
          Rating
        </span>
      </div>
    </div>
    <h2
      className="place-card__name"
    >
      <a
        href="/offer/11"
      >
        The house among olive 
      </a>
    </h2>
    <p
      className="place-card__type"
    >
      house
    </p>
  </div>
</article>
`;
