// Jest Snapshot v1, https://goo.gl/fbAQLP

exports[`Menu tests Render Menu 1`] = `
<ul
  className="locations__list tabs__list"
>
  <li
    className="locations__item"
  >
    <a
      className="locations__item-link tabs__item"
      href="/Amsterdam"
      onClick={[Function]}
    >
      <span>
        Amsterdam
      </span>
    </a>
  </li>
  <li
    className="locations__item"
  >
    <a
      className="locations__item-link tabs__itemundefined"
      href="/Brussels"
      onClick={[Function]}
    >
      <span>
        Brussels
      </span>
    </a>
  </li>
  <li
    className="locations__item"
  >
    <a
      className="locations__item-link tabs__item"
      href="/Cologne"
      onClick={[Function]}
    >
      <span>
        Cologne
      </span>
    </a>
  </li>
  <li
    className="locations__item"
  >
    <a
      className="locations__item-link tabs__item"
      href="/Dusseldorf"
      onClick={[Function]}
    >
      <span>
        Dusseldorf
      </span>
    </a>
  </li>
  <li
    className="locations__item"
  >
    <a
      className="locations__item-link tabs__item"
      href="/Hamburg"
      onClick={[Function]}
    >
      <span>
        Hamburg
      </span>
    </a>
  </li>
  <li
    className="locations__item"
  >
    <a
      className="locations__item-link tabs__item"
      href="/Paris"
      onClick={[Function]}
    >
      <span>
        Paris
      </span>
    </a>
  </li>
</ul>
`;
