// Jest Snapshot v1, https://goo.gl/fbAQLP

exports[`RoomScreen 1`] = `
<div
  className="page"
>
  <Memo(Connect(HeaderContainer)) />
  <main
    className="page__main page__main--property"
  >
    <section
      className="property"
    >
      <div
        className="property__gallery-container container"
      >
        <div
          className="property__gallery"
        >
          <div
            className="property__image-wrapper"
          >
            <img
              className="property__image"
              src="https://assets.htmlacademy.ru/intensives/javascript-3/hotel/8.jpg"
            />
          </div>
          <div
            className="property__image-wrapper"
          >
            <img
              className="property__image"
              src="https://assets.htmlacademy.ru/intensives/javascript-3/hotel/4.jpg"
            />
          </div>
          <div
            className="property__image-wrapper"
          >
            <img
              className="property__image"
              src="https://assets.htmlacademy.ru/intensives/javascript-3/hotel/19.jpg"
            />
          </div>
          <div
            className="property__image-wrapper"
          >
            <img
              className="property__image"
              src="https://assets.htmlacademy.ru/intensives/javascript-3/hotel/18.jpg"
            />
          </div>
          <div
            className="property__image-wrapper"
          >
            <img
              className="property__image"
              src="https://assets.htmlacademy.ru/intensives/javascript-3/hotel/15.jpg"
            />
          </div>
          <div
            className="property__image-wrapper"
          >
            <img
              className="property__image"
              src="https://assets.htmlacademy.ru/intensives/javascript-3/hotel/7.jpg"
            />
          </div>
          <div
            className="property__image-wrapper"
          >
            <img
              className="property__image"
              src="https://assets.htmlacademy.ru/intensives/javascript-3/hotel/2.jpg"
            />
          </div>
          <div
            className="property__image-wrapper"
          >
            <img
              className="property__image"
              src="https://assets.htmlacademy.ru/intensives/javascript-3/hotel/14.jpg"
            />
          </div>
          <div
            className="property__image-wrapper"
          >
            <img
              className="property__image"
              src="https://assets.htmlacademy.ru/intensives/javascript-3/hotel/10.jpg"
            />
          </div>
          <div
            className="property__image-wrapper"
          >
            <img
              className="property__image"
              src="https://assets.htmlacademy.ru/intensives/javascript-3/hotel/9.jpg"
            />
          </div>
          <div
            className="property__image-wrapper"
          >
            <img
              className="property__image"
              src="https://assets.htmlacademy.ru/intensives/javascript-3/hotel/11.jpg"
            />
          </div>
          <div
            className="property__image-wrapper"
          >
            <img
              className="property__image"
              src="https://assets.htmlacademy.ru/intensives/javascript-3/hotel/12.jpg"
            />
          </div>
          <div
            className="property__image-wrapper"
          >
            <img
              className="property__image"
              src="https://assets.htmlacademy.ru/intensives/javascript-3/hotel/6.jpg"
            />
          </div>
          <div
            className="property__image-wrapper"
          >
            <img
              className="property__image"
              src="https://assets.htmlacademy.ru/intensives/javascript-3/hotel/1.jpg"
            />
          </div>
        </div>
      </div>
      <div
        className="property__container container"
      >
        <div
          className="property__wrapper"
        >
          
          <div
            className="property__name-wrapper"
          >
            <h1
              className="property__name"
            >
              The house among olive 
            </h1>
            <button
              className="property__bookmark-button true active button"
              onClick={[Function]}
              type="button"
            >
              <svg
                className="property__bookmark-icon"
                height="33"
                width="31"
              >
                <use
                  xlinkHref="#icon-bookmark"
                />
              </svg>
              <span
                className="visually-hidden"
              >
                To bookmarks
              </span>
            </button>
          </div>
          <div
            className="property__rating rating"
          >
            <div
              className="property__stars rating__stars"
            >
              <span
                className="rating__stars__value"
                style={
                  Object {
                    "width": "86%",
                  }
                }
              />
              <span
                className="visually-hidden"
              >
                Rating
              </span>
            </div>
            <span
              className="property__rating-value rating__value"
            >
              4.3
            </span>
          </div>
          <ul
            className="property__features"
          >
            <li
              className="property__feature property__feature--entire"
            >
              house
            </li>
            <li
              className="property__feature property__feature--bedrooms"
            >
              5
            </li>
            <li
              className="property__feature property__feature--adults"
            >
              6
            </li>
          </ul>
          <div
            className="property__price"
          >
            <b
              className="property__price-value"
            >
              €
              190
            </b>
            <span
              className="property__price-text"
            >
               night
            </span>
          </div>
          <div
            className="property__inside"
          >
            <h2
              className="property__inside-title"
            >
              What's inside
            </h2>
            <ul
              className="property__inside-list"
            >
              <li
                className="property__inside-item"
              >
                Washer
              </li>
              <li
                className="property__inside-item"
              >
                Breakfast
              </li>
              <li
                className="property__inside-item"
              >
                Laptop friendly workspace
              </li>
            </ul>
          </div>
          <div
            className="property__host"
          >
            <h2
              className="property__host-title"
            >
              Meet the host
            </h2>
            <div
              className="property__host-user user"
            >
              <div
                className="property__avatar-wrapper property__avatar-wrapper--pro user__avatar-wrapper"
              />
              <span
                className="property__user-name"
              >
                Angelina
              </span>
              true
            </div>
            <div
              className="property__description"
            >
              <p
                className="property__text"
              >
                I am happy to welcome you to my apartment in the city center! Three words: location, cosy and chic!
              </p>
            </div>
          </div>
          <section
            className="property__reviews reviews"
          >
            <Memo(Connect(ReviewContainer))
              currentOffer={11}
            />
          </section>
        </div>
      </div>
      <section
        className="property__map map"
      >
        <Memo(Connect(MapContainer))
          currentCity={
            Object {
              "location": Object {
                "latitude": 53.550343,
                "longitude": 10.000654,
                "zoom": 13,
              },
              "name": "Hamburg",
            }
          }
          currentOffer={11}
          max={3}
        />
      </section>
    </section>
    <div
      className="container"
    >
      <section
        className="near-places places"
      >
        <h2
          className="near-places__title"
        >
          Other places in the neighbourhood
        </h2>
        <Memo(Connect(OfferContainer))
          currentCity={
            Object {
              "location": Object {
                "latitude": 53.550343,
                "longitude": 10.000654,
                "zoom": 13,
              },
              "name": "Hamburg",
            }
          }
          currentOffer={11}
          max={3}
        />
      </section>
    </div>
  </main>
</div>
`;
