// Jest Snapshot v1, https://goo.gl/fbAQLP

exports[`withOpenSelect is rendered correctly 1`] = `
<Context.Provider
  value={
    Object {
      "store": Object {
        "clearActions": [Function],
        "dispatch": [Function],
        "getActions": [Function],
        "getState": [Function],
        "replaceReducer": [Function],
        "subscribe": [Function],
      },
      "subscription": Subscription {
        "handleChangeWrapper": [Function],
        "listeners": Object {
          "notify": [Function],
        },
        "onStateChange": [Function],
        "parentSub": undefined,
        "store": Object {
          "clearActions": [Function],
          "dispatch": [Function],
          "getActions": [Function],
          "getState": [Function],
          "replaceReducer": [Function],
          "subscribe": [Function],
        },
        "unsubscribe": null,
      },
    }
  }
>
  <OnClickOutside(WithOpenSelect)
    eventTypes={
      Array [
        "mousedown",
        "touchstart",
      ]
    }
    excludeScrollbar={false}
    outsideClickIgnoreClass="ignore-react-onclickoutside"
    preventDefault={false}
    stopPropagation={false}
  >
    <React.Fragment />
  </OnClickOutside(WithOpenSelect)>
</Context.Provider>
`;
